$ bun --filter synctable-web dev
synctable-web dev:   ▲ Next.js 14.2.35
synctable-web dev:   - Local:        http://localhost:3000
synctable-web dev:
synctable-web dev:  ✓ Starting...
synctable-web dev: Attention: Next.js now collects completely anonymous telemetry regarding usage.
synctable-web dev: This information is used to shape Next.js' roadmap and prioritize features.
synctable-web dev: You can learn more, including how to opt-out if you'd not like to participate in this anonymous program, by visiting the following URL:
synctable-web dev: https://nextjs.org/telemetry
synctable-web dev:
synctable-web dev:  ✓ Ready in 1707ms
synctable-web dev:  ○ Compiling / ...
synctable-web dev:  ✓ Compiled / in 5.9s (527 modules)
synctable-web dev:  ✓ Compiled in 718ms (271 modules)
synctable-web dev:  GET / 200 in 6651ms
synctable-web dev:  ○ Compiling /api/auth/me ...
synctable-web dev:  ✓ Compiled /api/auth/me in 3.6s (287 modules)
synctable-web dev:  GET /api/auth/me 200 in 3686ms
synctable-web dev:  GET /api/auth/me 200 in 14ms
synctable-web dev:  GET / 200 in 120ms
